// Vitest Snapshot v1, https://vitest.dev/guide/snapshot.html

exports[`StandardChessInitializer > creates same figures 1`] = `"black-bishop-1:c8:-;black-bishop-2:f8:-;black-king-1:e8:-;black-knight-1:b8:-;black-knight-2:g8:-;black-pawn-1:a7:-;black-pawn-2:b7:-;black-pawn-3:c7:-;black-pawn-4:d7:-;black-pawn-5:e7:-;black-pawn-6:f7:-;black-pawn-7:g7:-;black-pawn-8:h7:-;black-queen-1:d8:-;black-rook-1:a8:-;black-rook-2:h8:-;white-bishop-1:c1:-;white-bishop-2:f1:-;white-king-1:e1:-;white-knight-1:b1:-;white-knight-2:g1:-;white-pawn-1:a2:-;white-pawn-2:b2:-;white-pawn-3:c2:-;white-pawn-4:d2:-;white-pawn-5:e2:-;white-pawn-6:f2:-;white-pawn-7:g2:-;white-pawn-8:h2:-;white-queen-1:d1:-;white-rook-1:a1:-;white-rook-2:h1:-"`;
