// Vitest Snapshot v1, https://vitest.dev/guide/snapshot.html

exports[`Knight > reaches all diagonals 1`] = `
[
  {
    "x": 4,
    "y": 6,
  },
  {
    "x": 4,
    "y": 4,
  },
  {
    "x": 3,
    "y": 7,
  },
  {
    "x": 3,
    "y": 3,
  },
  {
    "x": 1,
    "y": 7,
  },
  {
    "x": 1,
    "y": 3,
  },
]
`;

exports[`Knight > reaches all diagonals 2`] = `
[
  {
    "x": 3,
    "y": 2,
  },
  {
    "x": 2,
    "y": 3,
  },
]
`;
